
> pwa@0.0.0 build
> tsc -b && vite build

