src/components/social/CreatePostModal.tsx(8,1): error TS6133: 'cn' is declared but its value is never read.
src/components/social/Feed.tsx(3,10): error TS1484: 'Post' is a type and must be imported using a type-only import when 'verbatimModuleSyntax' is enabled.
src/components/social/PostCard.tsx(3,10): error TS1484: 'Post' is a type and must be imported using a type-only import when 'verbatimModuleSyntax' is enabled.
src/components/social/PostCard.tsx(7,36): error TS6133: 'ChefHat' is declared but its value is never read.
src/components/social/PostCard.tsx(142,25): error TS2322: Type '"outline" | "default"' is not assignable to type '"primary" | "secondary" | "ghost" | "outline" | "danger" | undefined'.
  Type '"default"' is not assignable to type '"primary" | "secondary" | "ghost" | "outline" | "danger" | undefined'.
src/services/social.ts(14,5): error TS6133: 'where' is declared but its value is never read.
src/store/useAppStore.ts(6,10): error TS1484: 'RecipeBookItem' is a type and must be imported using a type-only import when 'verbatimModuleSyntax' is enabled.
